 gdb a.out
GNU gdb (Ubuntu 8.1.1-0ubuntu1) 8.1.1
Copyright (C) 2018 Free Software Foundation, Inc.
License GPLv3+: GNU GPL version 3 or later <http://gnu.org/licenses/gpl.html>
This is free software: you are free to change and redistribute it.
There is NO WARRANTY, to the extent permitted by law.  Type "show copying"
and "show warranty" for details.
This GDB was configured as "x86_64-linux-gnu".
Type "show configuration" for configuration details.
For bug reporting instructions, please see:
<http://www.gnu.org/software/gdb/bugs/>.
Find the GDB manual and other documentation resources online at:
<http://www.gnu.org/software/gdb/documentation/>.
For help, type "help".
Type "apropos word" to search for commands related to "word"...
Reading symbols from a.out...done.
(gdb) break main
Breakpoint 1 at 0xa2a: file p11original.c, line 54.
(gdb) r
Starting program: /home/runner/pps-test1-aksharareddyt/a.out 
 
 gcc -g p10original.c
 gdb a.out
GNU gdb (Ubuntu 8.1.1-0ubuntu1) 8.1.1
Copyright (C) 2018 Free Software Foundation, Inc.
License GPLv3+: GNU GPL version 3 or later <http://gnu.org/licenses/gpl.html>
This is free software: you are free to change and redistribute it.
There is NO WARRANTY, to the extent permitted by law.  Type "show copying"
and "show warranty" for details.
This GDB was configured as "x86_64-linux-gnu".
Type "show configuration" for configuration details.
For bug reporting instructions, please see:
<http://www.gnu.org/software/gdb/bugs/>.
Find the GDB manual and other documentation resources online at:
<http://www.gnu.org/software/gdb/documentation/>.
For help, type "help".
Type "apropos word" to search for commands related to "word"...
Reading symbols from a.out...done.
(gdb) break main
Breakpoint 1 at 0x856: file p10original.c, line 34.
(gdb) r
Starting program: /home/runner/pps-test1-aksharareddyt/a.out 
warning: Error disabling address space randomization: Operation not permitted

Breakpoint 1, main () at p10original.c:34
34      t1 = input();
(gdb) n
Enter the Real part: 3
Enter the Imaginary part: 4
35      t2 = input();
(gdb) n
Enter the Real part: 2
Enter the Imaginary part: 3
36      sum = add(t1, t2);
(gdb) n
37      output(t1, t2, sum);
(gdb) n
The sum of 3.0 + 4.0i and 2.0 + 3.0i is 5.0 + 7.0i
38      return 0;
(gdb) n
39  }